[2m2026-06-12T00:42:49.232358Z[0m [32m INFO[0m [2mautumn_transport[0m[2m:[0m autumn-transport: init kind=Ucx
[2m2026-06-12T00:42:49.233073Z[0m [32m INFO[0m [2mautumn_transport[0m[2m:[0m autumn-transport: UCX listen on fdbd:dc62:3:302::14 via eth0 (RoCE-attached)
[2m2026-06-12T00:42:49.233086Z[0m [32m INFO[0m [2mautumn_manager_server[0m[2m:[0m connecting to etcd: ["127.0.0.1:2379"]
[2m2026-06-12T00:42:49.238519Z[0m [32m INFO[0m [2mautumn_manager[0m[2m:[0m F214-A: imprinted fresh cluster_id [3mcluster_id[0m[2m=[0m181cc40e-935d-4fa4-8658-2e577c030bf3
[2m2026-06-12T00:42:49.238570Z[0m [32m INFO[0m [2mautumn_manager_server[0m[2m:[0m autumn-manager-server listening on [fdbd:dc62:3:302::14]:9001
[2m2026-06-12T00:42:49.238577Z[0m [32m INFO[0m [2mautumn_transport::ucx::worker[0m[2m:[0m autumn-transport ucx: RLIMIT_MEMLOCK [3mmemlock_cur[0m[2m=[0m18446744073709551615 [3mmemlock_max[0m[2m=[0m18446744073709551615
[2m2026-06-12T00:42:49.332682Z[0m [32m INFO[0m [2mautumn_transport::ucx::worker[0m[2m:[0m autumn-transport ucx: ucp_context_h initialized
[2m2026-06-12T00:42:49.332714Z[0m [32m INFO[0m [2mautumn_transport::ucx::worker[0m[2m:[0m autumn-transport ucx: context info [3minfo[0m[2m=[0m#
# UCP context
#
#     component 0  :  self
#     component 1  :  tcp
#     component 2  :  sysv
#     component 3  :  posix
#     component 4  :  ib
#     component 5  :  rdmacm
#     component 6  :  cma
#
#            md 0  :  component 0  self 
#            md 1  :  component 4  mlx5_1 
#
#      resource 0  :  md 0  dev 0  flags -- self/memory
#      resource 1  :  md 1  dev 1  flags -- rc_mlx5/mlx5_1:1
#      resource 2  :  md 1  dev 1  flags -- ud_mlx5/mlx5_1:1
#

[1781224969.350356] [dc62-p3-t302-n014:1408118:0]            sock.c:483  UCX  ERROR bind(fd=22 addr=fdbd:dc62:3:302::14%0:9001) failed: Address already in use
[2m2026-06-12T00:42:49.350446Z[0m [33m WARN[0m [2mautumn_transport::ucx::listener[0m[2m:[0m ucx listener bind busy (TIME_WAIT from a previous                              incarnation?); retrying [3maddr[0m[2m=[0m[fdbd:dc62:3:302::14]:9001 [3mattempt[0m[2m=[0m1 [3merror[0m[2m=[0mucp_listener_create: Device is busy
[1781224972.350644] [dc62-p3-t302-n014:1408118:0]            sock.c:483  UCX  ERROR bind(fd=23 addr=fdbd:dc62:3:302::14%0:9001) failed: Address already in use
[1781224975.350923] [dc62-p3-t302-n014:1408118:0]            sock.c:483  UCX  ERROR bind(fd=23 addr=fdbd:dc62:3:302::14%0:9001) failed: Address already in use
[1781224978.351224] [dc62-p3-t302-n014:1408118:0]            sock.c:483  UCX  ERROR bind(fd=23 addr=fdbd:dc62:3:302::14%0:9001) failed: Address already in use
[1781224981.351496] [dc62-p3-t302-n014:1408118:0]            sock.c:483  UCX  ERROR bind(fd=23 addr=fdbd:dc62:3:302::14%0:9001) failed: Address already in use
[1781224984.351783] [dc62-p3-t302-n014:1408118:0]            sock.c:483  UCX  ERROR bind(fd=23 addr=fdbd:dc62:3:302::14%0:9001) failed: Address already in use
[2m2026-06-12T00:43:04.351881Z[0m [33m WARN[0m [2mautumn_transport::ucx::listener[0m[2m:[0m ucx listener bind busy (TIME_WAIT from a previous                              incarnation?); retrying [3maddr[0m[2m=[0m[fdbd:dc62:3:302::14]:9001 [3mattempt[0m[2m=[0m6 [3merror[0m[2m=[0mucp_listener_create: Device is busy
[1781224987.352076] [dc62-p3-t302-n014:1408118:0]            sock.c:483  UCX  ERROR bind(fd=23 addr=fdbd:dc62:3:302::14%0:9001) failed: Address already in use
[1781224990.352360] [dc62-p3-t302-n014:1408118:0]            sock.c:483  UCX  ERROR bind(fd=23 addr=fdbd:dc62:3:302::14%0:9001) failed: Address already in use
[1781224993.352607] [dc62-p3-t302-n014:1408118:0]            sock.c:483  UCX  ERROR bind(fd=23 addr=fdbd:dc62:3:302::14%0:9001) failed: Address already in use
[1781224996.352871] [dc62-p3-t302-n014:1408118:0]            sock.c:483  UCX  ERROR bind(fd=23 addr=fdbd:dc62:3:302::14%0:9001) failed: Address already in use
[2m2026-06-12T00:43:19.353181Z[0m [32m INFO[0m [2mautumn_manager::rpc_handlers[0m[2m:[0m manager listening [3maddr[0m[2m=[0m[fdbd:dc62:3:302::14]:9001
