[2m2026-06-12T01:05:35.493394Z[0m [32m INFO[0m [2mautumn_transport[0m[2m:[0m autumn-transport: init kind=Ucx
[2m2026-06-12T01:05:35.494046Z[0m [32m INFO[0m [2mautumn_transport[0m[2m:[0m autumn-transport: UCX listen on fdbd:dc62:3:302::14 via eth0 (RoCE-attached)
[2m2026-06-12T01:05:35.494059Z[0m [32m INFO[0m [2mautumn_manager_server[0m[2m:[0m connecting to etcd: ["127.0.0.1:2379"]
[2m2026-06-12T01:05:35.498075Z[0m [32m INFO[0m [2mautumn_manager_server[0m[2m:[0m autumn-manager-server listening on [fdbd:dc62:3:302::14]:9001
[2m2026-06-12T01:05:35.498088Z[0m [32m INFO[0m [2mautumn_transport::ucx::worker[0m[2m:[0m autumn-transport ucx: RLIMIT_MEMLOCK [3mmemlock_cur[0m[2m=[0m18446744073709551615 [3mmemlock_max[0m[2m=[0m18446744073709551615
[2m2026-06-12T01:05:35.649834Z[0m [32m INFO[0m [2mautumn_transport::ucx::worker[0m[2m:[0m autumn-transport ucx: ucp_context_h initialized
[2m2026-06-12T01:05:35.649878Z[0m [32m INFO[0m [2mautumn_transport::ucx::worker[0m[2m:[0m autumn-transport ucx: context info [3minfo[0m[2m=[0m#
# UCP context
#
#     component 0  :  self
#     component 1  :  tcp
#     component 2  :  sysv
#     component 3  :  posix
#     component 4  :  ib
#     component 5  :  rdmacm
#     component 6  :  cma
#
#            md 0  :  component 0  self 
#            md 1  :  component 4  mlx5_1 
#
#      resource 0  :  md 0  dev 0  flags -- self/memory
#      resource 1  :  md 1  dev 1  flags -- rc_mlx5/mlx5_1:1
#      resource 2  :  md 1  dev 1  flags -- ud_mlx5/mlx5_1:1
#

[2m2026-06-12T01:05:35.670347Z[0m [32m INFO[0m [2mautumn_manager::rpc_handlers[0m[2m:[0m manager listening [3maddr[0m[2m=[0m[fdbd:dc62:3:302::14]:9001
[2m2026-06-12T01:05:35.671396Z[0m [32m INFO[0m [2mautumn_manager[0m[2m:[0m watching leader key for deletion
[2m2026-06-12T01:05:38.174305Z[0m [32m INFO[0m [2mautumn_manager[0m[2m:[0m leader key deleted, retrying election
